<html>
<body>
<pre>
<h1>µVision Build Log</h1>
<h2>Project:</h2>
C:\Users\Pqo64\Desktop\ARM\Assignments\Assignment 4\Question 1\question1.uvproj
Project File Date:  03/24/2020

<h2>Output:</h2>
Build target 'Target 1'
assembling question1.s...
linking...
Program Size: Code=80 RO-data=0 RW-data=0 ZI-data=0  
".\question1.axf" - 0 Error(s), 0 Warning(s).
</pre>
</body>
</html>
d
ed
uestion1.axf" - 0 Error(s), 1 Warning(s).
String operands can only be specified for DCB
".\question1.axf" - 3 Error(s), 0 Warning(s).
Target not created
